../Core/Src/main.c:81:5:main	16	static
../Core/Src/main.c:149:6:SystemClock_Config	88	static
../Core/Src/main.c:197:13:MX_ADC1_Init	24	static
../Core/Src/main.c:249:13:MX_TIM6_Init	16	static
../Core/Src/main.c:287:13:MX_TIM7_Init	16	static
../Core/Src/main.c:325:13:MX_USART2_UART_Init	8	static
../Core/Src/main.c:356:13:MX_DMA_Init	16	static
../Core/Src/main.c:374:13:MX_GPIO_Init	48	static
../Core/Src/main.c:409:6:HAL_ADC_ConvCpltCallback	16	static
../Core/Src/main.c:424:6:HAL_TIM_PeriodElapsedCallback	16	static
../Core/Src/main.c:442:6:Error_Handler	4	static,ignoring_inline_asm
